
Allocating common symbols
Common symbol       size              file

check               0x4               pressure_check.o
warning_id          0x1               pressure_check.o

Memory Configuration

Name             Origin             Length             Attributes
flash            0x08000000         0x00020000         xr
sram             0x20000000         0x00005000         xrw
*default*        0x00000000         0xffffffff

Linker script and memory map


.text           0x08000000      0x228
 *(.vectors*)
 .vectors       0x08000000       0x50 startup.o
 *(.text*)
 .text          0x08000050      0x10c driver.o
                0x08000050                Delay
                0x08000074                getPressureVal
                0x0800008c                Set_Alarm_actuator
                0x080000dc                GPIO_INITIALIZATION
 .text          0x0800015c       0x10 main.o
                0x0800015c                main
 .text          0x0800016c       0x4c pressure_check.o
                0x0800016c                pressure_check
 .text          0x080001b8       0x1c sensor.o
                0x080001b8                sensor_reading
 .text          0x080001d4       0x4c warning_act.o
                0x080001d4                warning_action
                0x080001e8                danger_pressure
                0x08000204                safe_pressure
 .text          0x08000220        0x8 startup.o
 *(.rodata)

.glue_7         0x08000228        0x0
 .glue_7        0x00000000        0x0 linker stubs

.glue_7t        0x08000228        0x0
 .glue_7t       0x00000000        0x0 linker stubs

.vfp11_veneer   0x08000228        0x0
 .vfp11_veneer  0x00000000        0x0 linker stubs

.v4_bx          0x08000228        0x0
 .v4_bx         0x00000000        0x0 linker stubs

.iplt           0x08000228        0x0
 .iplt          0x00000000        0x0 main.o

.rel.dyn        0x08000228        0x0
 .rel.iplt      0x00000000        0x0 main.o

.data           0x08000228        0x4
 *(.data)
 .data          0x08000228        0x0 driver.o
 .data          0x08000228        0x0 main.o
 .data          0x08000228        0x4 pressure_check.o
                0x08000228                threshold
 .data          0x0800022c        0x0 sensor.o
 .data          0x0800022c        0x0 warning_act.o
 .data          0x0800022c        0x0 startup.o

.igot.plt       0x0800022c        0x0
 .igot.plt      0x00000000        0x0 main.o

.bss            0x20000000        0x5
 *(.bss)
 .bss           0x20000000        0x0 driver.o
 .bss           0x20000000        0x0 main.o
 .bss           0x20000000        0x0 pressure_check.o
 .bss           0x20000000        0x0 sensor.o
 .bss           0x20000000        0x0 warning_act.o
 .bss           0x20000000        0x0 startup.o
 COMMON         0x20000000        0x5 pressure_check.o
                0x20000000                check
                0x20000004                warning_id
LOAD driver.o
LOAD main.o
LOAD pressure_check.o
LOAD sensor.o
LOAD warning_act.o
LOAD startup.o
OUTPUT(pressure_control.elf elf32-littlearm)

.comment        0x00000000       0x11
 .comment       0x00000000       0x11 driver.o
                                 0x12 (size before relaxing)
 .comment       0x00000000       0x12 main.o
 .comment       0x00000000       0x12 pressure_check.o
 .comment       0x00000000       0x12 sensor.o
 .comment       0x00000000       0x12 warning_act.o

.ARM.attributes
                0x00000000       0x31
 .ARM.attributes
                0x00000000       0x33 driver.o
 .ARM.attributes
                0x00000033       0x33 main.o
 .ARM.attributes
                0x00000066       0x33 pressure_check.o
 .ARM.attributes
                0x00000099       0x33 sensor.o
 .ARM.attributes
                0x000000cc       0x33 warning_act.o
 .ARM.attributes
                0x000000ff       0x21 startup.o
