
Memory Configuration

Name             Origin             Length             Attributes
flash            0x08000000         0x00020000         xr
sram             0x20000000         0x00005000         xrw
*default*        0x00000000         0xffffffff

Linker script and memory map


.text           0x08000000      0x10c
 *(.vectors*)
 .vectors       0x08000000       0x50 startup.o
 *(.text*)
 .text          0x08000050       0xb4 src_code_led_stm_1.o
                0x08000050                main
 .text          0x08000104        0x8 startup.o
 *(.rodata)

.glue_7         0x0800010c        0x0
 .glue_7        0x00000000        0x0 linker stubs

.glue_7t        0x0800010c        0x0
 .glue_7t       0x00000000        0x0 linker stubs

.vfp11_veneer   0x0800010c        0x0
 .vfp11_veneer  0x00000000        0x0 linker stubs

.v4_bx          0x0800010c        0x0
 .v4_bx         0x00000000        0x0 linker stubs

.iplt           0x0800010c        0x0
 .iplt          0x00000000        0x0 src_code_led_stm_1.o

.rel.dyn        0x0800010c        0x0
 .rel.iplt      0x00000000        0x0 src_code_led_stm_1.o

.data           0x0800010c        0x0
 *(.data)
 .data          0x0800010c        0x0 src_code_led_stm_1.o
 .data          0x0800010c        0x0 startup.o

.igot.plt       0x0800010c        0x0
 .igot.plt      0x00000000        0x0 src_code_led_stm_1.o

.bss            0x20000000        0x0
 *(.bss)
 .bss           0x20000000        0x0 src_code_led_stm_1.o
 .bss           0x20000000        0x0 startup.o
LOAD src_code_led_stm_1.o
LOAD startup.o
OUTPUT(led_cortex_m3.elf elf32-littlearm)

.debug_info     0x00000000      0x100
 .debug_info    0x00000000       0x9e src_code_led_stm_1.o
 .debug_info    0x0000009e       0x62 startup.o

.debug_abbrev   0x00000000       0x74
 .debug_abbrev  0x00000000       0x60 src_code_led_stm_1.o
 .debug_abbrev  0x00000060       0x14 startup.o

.debug_loc      0x00000000       0x38
 .debug_loc     0x00000000       0x38 src_code_led_stm_1.o

.debug_aranges  0x00000000       0x40
 .debug_aranges
                0x00000000       0x20 src_code_led_stm_1.o
 .debug_aranges
                0x00000020       0x20 startup.o

.debug_line     0x00000000       0xe4
 .debug_line    0x00000000       0xa9 src_code_led_stm_1.o
 .debug_line    0x000000a9       0x3b startup.o

.debug_str      0x00000000       0xaf
 .debug_str     0x00000000       0xaf src_code_led_stm_1.o
                                 0xe3 (size before relaxing)

.comment        0x00000000       0x11
 .comment       0x00000000       0x11 src_code_led_stm_1.o
                                 0x12 (size before relaxing)

.ARM.attributes
                0x00000000       0x31
 .ARM.attributes
                0x00000000       0x33 src_code_led_stm_1.o
 .ARM.attributes
                0x00000033       0x21 startup.o

.debug_frame    0x00000000       0x2c
 .debug_frame   0x00000000       0x2c src_code_led_stm_1.o
